// Jest Snapshot v1, https://goo.gl/fbAQLP

exports[`Post List Card renders correctly 1`] = `
<div>
  <a
    class="group rounded overflow-hidden border bg-gray-700"
    data-testid="post-list-card"
    href="/post/1"
  >
    <div
      class="h-[200px] relative"
    >
      <span
        style="box-sizing: border-box; display: block; overflow: hidden; background: none; opacity: 1; border: 0px; margin: 0px; padding: 0px; position: absolute; top: 0px; left: 0px; bottom: 0px; right: 0px;"
      >
        <img
          alt=""
          class="object-center object-cover transition duration-300 transform group-hover:scale-110 "
          data-nimg="fill"
          decoding="async"
          src="data:image/gif;base64,R0lGODlhAQABAIAAAAAAAP///yH5BAEAAAAALAAAAAABAAEAAAIBRAA7"
          style="position: absolute; top: 0px; left: 0px; bottom: 0px; right: 0px; box-sizing: border-box; padding: 0px; margin: auto; display: block; width: 0px; height: 0px; min-width: 100%; max-width: 100%; min-height: 100%; max-height: 100%; filter: blur(20px); background-size: cover; background-image: url(data:image/png;base64,iVBORw0KGgoAAAANSUhEUgAAAAEAAAABCAQAAAC1HAwCAAAAC0lEQVR42mNcWg8AAc8BJpg2zxQAAAAASUVORK5CYII=); background-position: 0% 0%;"
        />
        <noscript />
      </span>
    </div>
    <p
      class="font-bold text-center p-2"
    />
  </a>
</div>
`;
